// Jest Snapshot v1, https://goo.gl/fbAQLP

exports[`Counter component should match exact snapshot 1`] = `
<div
  className="makeStyles-root-1"
>
  <div
    className="MuiGrid-root MuiGrid-container MuiGrid-spacing-xs-3"
  >
    <div
      className="MuiGrid-root MuiGrid-item MuiGrid-grid-xs-3"
    >
      <div
        className="makeStyles-paper-2"
      >
        <div
          className="makeStyles-namerow-4"
        >
          <svg
            aria-hidden={true}
            className="MuiSvgIcon-root"
            focusable="false"
            style={
              Object {
                "fontSize": 100,
              }
            }
            viewBox="0 0 24 24"
          >
            <path
              d="M3 5v14c0 1.1.89 2 2 2h14c1.1 0 2-.9 2-2V5c0-1.1-.9-2-2-2H5c-1.11 0-2 .9-2 2zm12 4c0 1.66-1.34 3-3 3s-3-1.34-3-3 1.34-3 3-3 3 1.34 3 3zm-9 8c0-2 4-3.1 6-3.1s6 1.1 6 3.1v1H6v-1z"
            />
          </svg>
          <div>
            <h2>
              bob
              <button
                aria-label="edit name"
                className="MuiButtonBase-root MuiIconButton-root MuiIconButton-colorSecondary"
                disabled={false}
                onBlur={[Function]}
                onClick={[Function]}
                onDragLeave={[Function]}
                onFocus={[Function]}
                onKeyDown={[Function]}
                onKeyUp={[Function]}
                onMouseDown={[Function]}
                onMouseLeave={[Function]}
                onMouseUp={[Function]}
                onTouchEnd={[Function]}
                onTouchMove={[Function]}
                onTouchStart={[Function]}
                style={
                  Object {
                    "fontSize": 60,
                  }
                }
                tabIndex={0}
                type="button"
              >
                <span
                  className="MuiIconButton-label"
                >
                  <svg
                    aria-hidden={true}
                    className="MuiSvgIcon-root"
                    focusable="false"
                    viewBox="0 0 24 24"
                  >
                    <path
                      d="M3 17.25V21h3.75L17.81 9.94l-3.75-3.75L3 17.25zM20.71 7.04c.39-.39.39-1.02 0-1.41l-2.34-2.34a.9959.9959 0 00-1.41 0l-1.83 1.83 3.75 3.75 1.83-1.83z"
                    />
                  </svg>
                </span>
              </button>
            </h2>
          </div>
        </div>
        <div
          className="makeStyles-termrow-5"
        >
          Current Selected Term:
          <div>
            Â 
            F20
          </div>
        </div>
        <div
          className="makeStyles-workspacestitle-8"
        >
          Available Workspaces
          <button
            className="MuiButtonBase-root MuiIconButton-root"
            disabled={false}
            onBlur={[Function]}
            onClick={[Function]}
            onDragLeave={[Function]}
            onFocus={[Function]}
            onKeyDown={[Function]}
            onKeyUp={[Function]}
            onMouseDown={[Function]}
            onMouseLeave={[Function]}
            onMouseUp={[Function]}
            onTouchEnd={[Function]}
            onTouchMove={[Function]}
            onTouchStart={[Function]}
            tabIndex={0}
            type="button"
          >
            <span
              className="MuiIconButton-label"
            >
              <svg
                aria-hidden={true}
                className="MuiSvgIcon-root makeStyles-buttonstyle-13"
                focusable="false"
                viewBox="0 0 24 24"
              >
                <path
                  d="M12 2C6.48 2 2 6.48 2 12s4.48 10 10 10 10-4.48 10-10S17.52 2 12 2zm5 11h-4v4h-2v-4H7v-2h4V7h2v4h4v2z"
                />
              </svg>
            </span>
          </button>
        </div>
        <div
          className="MuiCollapse-container MuiCollapse-hidden"
          style={
            Object {
              "minHeight": "0px",
            }
          }
        >
          <div
            className="MuiCollapse-wrapper"
          >
            <div
              className="MuiCollapse-wrapperInner"
            >
              <div
                style={
                  Object {
                    "display": "flex",
                    "flexDirection": "row",
                    "justifyContent": "space-between",
                    "marginBottom": "10px",
                  }
                }
              >
                <div
                  className="MuiFormControl-root MuiTextField-root WithStyles(ForwardRef(TextField))-root-14"
                  style={
                    Object {
                      "width": "100%",
                    }
                  }
                >
                  <label
                    className="MuiFormLabel-root MuiInputLabel-root MuiInputLabel-formControl MuiInputLabel-animated MuiInputLabel-outlined"
                    data-shrink={false}
                    htmlFor="outlined-basic"
                    id="outlined-basic-label"
                  >
                    Enter workspace name
                  </label>
                  <div
                    className="MuiInputBase-root MuiOutlinedInput-root makeStyles-whitetext-12 MuiInputBase-formControl"
                    onClick={[Function]}
                  >
                    <input
                      aria-invalid={false}
                      autoFocus={false}
                      className="MuiInputBase-input MuiOutlinedInput-input"
                      disabled={false}
                      id="outlined-basic"
                      onAnimationStart={[Function]}
                      onBlur={[Function]}
                      onChange={[Function]}
                      onFocus={[Function]}
                      required={false}
                      type="text"
                      value=""
                    />
                    <fieldset
                      aria-hidden={true}
                      className="PrivateNotchedOutline-root-15 MuiOutlinedInput-notchedOutline"
                    >
                      <legend
                        className="PrivateNotchedOutline-legendLabelled-17"
                      >
                        <span>
                          Enter workspace name
                        </span>
                      </legend>
                    </fieldset>
                  </div>
                </div>
                <button
                  aria-label="edit"
                  className="MuiButtonBase-root MuiIconButton-root"
                  disabled={false}
                  onBlur={[Function]}
                  onClick={[Function]}
                  onDragLeave={[Function]}
                  onFocus={[Function]}
                  onKeyDown={[Function]}
                  onKeyUp={[Function]}
                  onMouseDown={[Function]}
                  onMouseLeave={[Function]}
                  onMouseUp={[Function]}
                  onTouchEnd={[Function]}
                  onTouchMove={[Function]}
                  onTouchStart={[Function]}
                  style={
                    Object {
                      "color": "green",
                      "fontSize": 100,
                    }
                  }
                  tabIndex={0}
                  type="button"
                >
                  <span
                    className="MuiIconButton-label"
                  >
                    <svg
                      aria-hidden={true}
                      className="MuiSvgIcon-root"
                      focusable="false"
                      viewBox="0 0 24 24"
                    >
                      <path
                        d="M9 16.17L4.83 12l-1.42 1.41L9 19 21 7l-1.41-1.41z"
                      />
                    </svg>
                  </span>
                </button>
              </div>
            </div>
          </div>
        </div>
        <div
          className="makeStyles-workspacesdivparent-6"
        >
          <div
            className="makeStyles-workspacesdiv-7"
          >
            <div>
              <div
                className="makeStyles-workspaceentry-9"
              >
                F20
                <button
                  className="MuiButtonBase-root MuiIconButton-root"
                  disabled={false}
                  onBlur={[Function]}
                  onClick={[Function]}
                  onDragLeave={[Function]}
                  onFocus={[Function]}
                  onKeyDown={[Function]}
                  onKeyUp={[Function]}
                  onMouseDown={[Function]}
                  onMouseLeave={[Function]}
                  onMouseUp={[Function]}
                  onTouchEnd={[Function]}
                  onTouchMove={[Function]}
                  onTouchStart={[Function]}
                  style={
                    Object {
                      "color": "blue",
                    }
                  }
                  tabIndex={0}
                  type="button"
                >
                  <span
                    className="MuiIconButton-label"
                  >
                    <svg
                      aria-hidden={true}
                      className="MuiSvgIcon-root"
                      focusable="false"
                      viewBox="0 0 24 24"
                    >
                      <path
                        d="M5.88 4.12L13.76 12l-7.88 7.88L8 22l10-10L8 2z"
                      />
                    </svg>
                  </span>
                </button>
              </div>
            </div>
            <div>
              <div
                className="makeStyles-workspaceentry-9"
              >
                W21
                <button
                  className="MuiButtonBase-root MuiIconButton-root"
                  disabled={false}
                  onBlur={[Function]}
                  onClick={[Function]}
                  onDragLeave={[Function]}
                  onFocus={[Function]}
                  onKeyDown={[Function]}
                  onKeyUp={[Function]}
                  onMouseDown={[Function]}
                  onMouseLeave={[Function]}
                  onMouseUp={[Function]}
                  onTouchEnd={[Function]}
                  onTouchMove={[Function]}
                  onTouchStart={[Function]}
                  style={
                    Object {
                      "color": "blue",
                    }
                  }
                  tabIndex={0}
                  type="button"
                >
                  <span
                    className="MuiIconButton-label"
                  >
                    <svg
                      aria-hidden={true}
                      className="MuiSvgIcon-root"
                      focusable="false"
                      viewBox="0 0 24 24"
                    >
                      <path
                        d="M5.88 4.12L13.76 12l-7.88 7.88L8 22l10-10L8 2z"
                      />
                    </svg>
                  </span>
                </button>
              </div>
            </div>
            <div>
              <div
                className="makeStyles-workspaceentry-9"
              >
                S21
                <button
                  className="MuiButtonBase-root MuiIconButton-root"
                  disabled={false}
                  onBlur={[Function]}
                  onClick={[Function]}
                  onDragLeave={[Function]}
                  onFocus={[Function]}
                  onKeyDown={[Function]}
                  onKeyUp={[Function]}
                  onMouseDown={[Function]}
                  onMouseLeave={[Function]}
                  onMouseUp={[Function]}
                  onTouchEnd={[Function]}
                  onTouchMove={[Function]}
                  onTouchStart={[Function]}
                  style={
                    Object {
                      "color": "blue",
                    }
                  }
                  tabIndex={0}
                  type="button"
                >
                  <span
                    className="MuiIconButton-label"
                  >
                    <svg
                      aria-hidden={true}
                      className="MuiSvgIcon-root"
                      focusable="false"
                      viewBox="0 0 24 24"
                    >
                      <path
                        d="M5.88 4.12L13.76 12l-7.88 7.88L8 22l10-10L8 2z"
                      />
                    </svg>
                  </span>
                </button>
              </div>
            </div>
            <div>
              <div
                className="makeStyles-workspaceentry-9"
              >
                F21
                <button
                  className="MuiButtonBase-root MuiIconButton-root"
                  disabled={false}
                  onBlur={[Function]}
                  onClick={[Function]}
                  onDragLeave={[Function]}
                  onFocus={[Function]}
                  onKeyDown={[Function]}
                  onKeyUp={[Function]}
                  onMouseDown={[Function]}
                  onMouseLeave={[Function]}
                  onMouseUp={[Function]}
                  onTouchEnd={[Function]}
                  onTouchMove={[Function]}
                  onTouchStart={[Function]}
                  style={
                    Object {
                      "color": "blue",
                    }
                  }
                  tabIndex={0}
                  type="button"
                >
                  <span
                    className="MuiIconButton-label"
                  >
                    <svg
                      aria-hidden={true}
                      className="MuiSvgIcon-root"
                      focusable="false"
                      viewBox="0 0 24 24"
                    >
                      <path
                        d="M5.88 4.12L13.76 12l-7.88 7.88L8 22l10-10L8 2z"
                      />
                    </svg>
                  </span>
                </button>
              </div>
            </div>
          </div>
        </div>
      </div>
    </div>
    <div
      className="MuiGrid-root MuiGrid-item MuiGrid-grid-xs-9"
    >
      <div
        className="makeStyles-workspacearea-10"
      >
        <div
          className="makeStyles-workspaceareatitle-11"
        >
          <div>
            F20
          </div>
          <button
            className="MuiButtonBase-root MuiIconButton-root"
            disabled={false}
            onBlur={[Function]}
            onClick={[Function]}
            onDragLeave={[Function]}
            onFocus={[Function]}
            onKeyDown={[Function]}
            onKeyUp={[Function]}
            onMouseDown={[Function]}
            onMouseLeave={[Function]}
            onMouseUp={[Function]}
            onTouchEnd={[Function]}
            onTouchMove={[Function]}
            onTouchStart={[Function]}
            tabIndex={0}
            type="button"
          >
            <span
              className="MuiIconButton-label"
            >
              <svg
                aria-hidden={true}
                className="MuiSvgIcon-root makeStyles-buttonstyle-13"
                focusable="false"
                viewBox="0 0 24 24"
              >
                <path
                  d="M12 2C6.48 2 2 6.48 2 12s4.48 10 10 10 10-4.48 10-10S17.52 2 12 2zm5 11h-4v4h-2v-4H7v-2h4V7h2v4h4v2z"
                />
              </svg>
            </span>
          </button>
        </div>
        <div
          className="MuiCollapse-container MuiCollapse-hidden"
          style={
            Object {
              "minHeight": "0px",
            }
          }
        >
          <div
            className="MuiCollapse-wrapper"
          >
            <div
              className="MuiCollapse-wrapperInner"
            >
              <div
                style={
                  Object {
                    "display": "flex",
                    "flexDirection": "row",
                    "justifyContent": "space-between",
                    "marginBottom": "10px",
                  }
                }
              >
                <div
                  className="MuiFormControl-root MuiTextField-root WithStyles(ForwardRef(TextField))-root-14"
                  style={
                    Object {
                      "width": "100%",
                    }
                  }
                >
                  <label
                    className="MuiFormLabel-root MuiInputLabel-root MuiInputLabel-formControl MuiInputLabel-animated MuiInputLabel-outlined"
                    data-shrink={false}
                    htmlFor="outlined-basic"
                    id="outlined-basic-label"
                  >
                    Enter path
                  </label>
                  <div
                    className="MuiInputBase-root MuiOutlinedInput-root makeStyles-whitetext-12 MuiInputBase-formControl"
                    onClick={[Function]}
                  >
                    <input
                      aria-invalid={false}
                      autoFocus={false}
                      className="MuiInputBase-input MuiOutlinedInput-input"
                      disabled={false}
                      id="outlined-basic"
                      onAnimationStart={[Function]}
                      onBlur={[Function]}
                      onChange={[Function]}
                      onFocus={[Function]}
                      required={false}
                      type="text"
                      value=""
                    />
                    <fieldset
                      aria-hidden={true}
                      className="PrivateNotchedOutline-root-15 MuiOutlinedInput-notchedOutline"
                    >
                      <legend
                        className="PrivateNotchedOutline-legendLabelled-17"
                      >
                        <span>
                          Enter path
                        </span>
                      </legend>
                    </fieldset>
                  </div>
                </div>
                <button
                  aria-label="edit"
                  className="MuiButtonBase-root MuiIconButton-root"
                  disabled={false}
                  onBlur={[Function]}
                  onClick={[Function]}
                  onDragLeave={[Function]}
                  onFocus={[Function]}
                  onKeyDown={[Function]}
                  onKeyUp={[Function]}
                  onMouseDown={[Function]}
                  onMouseLeave={[Function]}
                  onMouseUp={[Function]}
                  onTouchEnd={[Function]}
                  onTouchMove={[Function]}
                  onTouchStart={[Function]}
                  style={
                    Object {
                      "color": "green",
                      "fontSize": 100,
                    }
                  }
                  tabIndex={0}
                  type="button"
                >
                  <span
                    className="MuiIconButton-label"
                  >
                    <svg
                      aria-hidden={true}
                      className="MuiSvgIcon-root"
                      focusable="false"
                      viewBox="0 0 24 24"
                    >
                      <path
                        d="M9 16.17L4.83 12l-1.42 1.41L9 19 21 7l-1.41-1.41z"
                      />
                    </svg>
                  </span>
                </button>
              </div>
            </div>
          </div>
        </div>
        <div
          className="makeStyles-workspacesdivparent-6"
        >
          <div
            className="makeStyles-workspacesdiv-7"
          >
            <div>
              <div
                className="makeStyles-workspaceentry-9"
              >
                CS341
              </div>
            </div>
            <div>
              <div
                className="makeStyles-workspaceentry-9"
              >
                CS350
              </div>
            </div>
          </div>
        </div>
      </div>
    </div>
  </div>
</div>
`;
